{
  "user_name": "hajipy",
  "passward": "test"
}
