{
  "user_name": "hajipy",
  "password": "test"
}
